@prefix rdf:   <http://www.w3.org/1999/02/22-rdf-syntax-ns#> .
@prefix owl:   <http://www.w3.org/2002/07/owl#> .
@prefix EXPRESS: <http://drumbeat.cs.hut.fi/owl/EXPRESS#> .
@prefix xsd:   <http://www.w3.org/2001/XMLSchema#> .
@prefix rdfs:  <http://www.w3.org/2000/01/rdf-schema#> .
@prefix TestSchema: <http://drumbeat.cs.hut.fi/owl/TestSchema#> .

EXPRESS:BOOLEAN  a           owl:Class ;
        owl:equivalentClass  [ owl:oneOf  ( EXPRESS:FALSE EXPRESS:TRUE ) ] .

EXPRESS:LOGICAL  a           owl:Class ;
        owl:equivalentClass  [ owl:oneOf  ( EXPRESS:FALSE EXPRESS:TRUE EXPRESS:UNKNOWN ) ] .
